---
source: src/tui/ui.rs
expression: "frame(100, 30, |a| { a.focused_panel = Panel::Right; a.reorder_mode = true; })"
---
"                                                                                                    "
"╭ Menu ────────────────────╮╭ Segments — REORDER ──────────────────────────────────────────────────╮"
"│ ● Segments  8/12         ││  ≡  ● Directory                                                      │"
"│ ○ Theme  tokyo-night     ││  2. ● Git                                                            │"
"│ ○ Style  powerline       ││  3. ● Model                                                          │"
"│ ○ Thresholds             ││  4. ● Context                                                        │"
"│                          ││  5. ● Lines                                                          │"
"│                          ││  6. ● Rate Limits                                                    │"
"│                          ││  7. ● Cost                                                           │"
"│                          ││  8. ● Duration                                                       │"
"│                          ││     ○ Dev Context                                                    │"
"│                          ││     ○ Burn                                                           │"
"│                          ││     ○ Clock                                                          │"
"│                          ││     ○ Update Notice                                                  │"
"│                          ││                                                                      │"
"│                          ││                                                                      │"
"│                          ││                                                                      │"
"│                          ││                                                                      │"
"│                          ││                                                                      │"
"│                          ││                                                                      │"
"│                          ││                                                                      │"
"│                          ││                                                                      │"
"│                          ││ Theme: tokyo-night  Style: powerline  Segs: 8/12  Warn: 50%  Crit: 80│"
"╰──────────────────────────╯╰──────────────────────────────────────────────────────────────────────╯"
"┌ Preview — typical ───────────────────────────────────────────────────────────────────────────────┐"
"│ ~/p/claude-code-statusline  ◈ Opus 4.8  high  󰍛 ━━━━╌╌ 67% 󰰩 42.3k  󰔟 ━━╌╌╌╌ 48% ↺ 2h46m     │"
"└──────────────────────────────────────────────────────────────────────────────────────────────────┘"
"  Directory — current working directory                                                             "
"  [j/k] move  [m/Enter/Esc] done  [1–4] jump                                                        "
"                                                                                                    "
