---
source: src/tui/ui.rs
expression: "frame(100, 30, |a|\n{\n    a.config.theme = \"gruvbox\".to_string(); a.status =\n    Some((StatusKind::Success, \"Saved\".to_string()));\n})"
---
"                                                                                                    "
"╭ ● Menu ──────────────────╮╭ Segments ────────────────────────────────────────────────────────────╮"
"│ ● Segments  8/12         ││  1. ● Directory                                                      │"
"│ ○ Theme  gruvbox         ││  2. ● Git                                                            │"
"│ ○ Style  powerline       ││  3. ● Model                                                          │"
"│ ○ Thresholds             ││  4. ● Context                                                        │"
"│                          ││  5. ● Lines                                                          │"
"│                          ││  6. ● Rate Limits                                                    │"
"│                          ││  7. ● Cost                                                           │"
"│                          ││  8. ● Duration                                                       │"
"│                          ││     ○ Dev Context                                                    │"
"│                          ││     ○ Burn                                                           │"
"│                          ││     ○ Clock                                                          │"
"│                          ││     ○ Update Notice                                                  │"
"│                          ││                                                                      │"
"│                          ││                                                                      │"
"│                          ││                                                                      │"
"│                          ││                                                                      │"
"│                          ││                                                                      │"
"│                          ││                                                                      │"
"│                          ││                                                                      │"
"│                          ││                                                                      │"
"│                          ││ Theme: gruvbox  Style: powerline  Segs: 8/12  Warn: 50%  Crit: 80%   │"
"╰──────────────────────────╯╰──────────────────────────────────────────────────────────────────────╯"
"┌ Preview — typical ───────────────────────────────────────────────────────────────────────────────┐"
"│ ~/p/claude-code-statusline  ◈ Opus 4.8  high  󰍛 ━━━━╌╌ 67% 󰰩 42.3k  󰔟 ━━╌╌╌╌ 48% ↺ 2h46m     │"
"└──────────────────────────────────────────────────────────────────────────────────────────────────┘"
"  Saved                                                                                             "
"  [←→] panel  [↑↓] section  [1–4] jump  [s] save  [?] help  [q] quit                                "
"                                                                                                    "
