---
source: src/tui/ui.rs
expression: "frame(100, 30, |a| { a.focused_panel = Panel::Right; a.menu_cursor = 1; })"
---
"                                                                                                    "
"╭ Menu ────────────────────╮╭ Theme ───────────────────────────────────────────────────────────────╮"
"│ ○ Segments  8/12         ││  ● tokyo-night    █ █ █ █ █ █                                        │"
"│ ● Theme  tokyo-night     ││    ayu-mirage     █ █ █ █ █ █                                        │"
"│ ○ Style  powerline       ││    catppuccin     █ █ █ █ █ █                                        │"
"│ ○ Thresholds             ││    cobalt2        █ █ █ █ █ █                                        │"
"│                          ││    everforest-dark █ █ █ █ █ █                                       │"
"│                          ││    github-dark    █ █ █ █ █ █                                        │"
"│                          ││    gruvbox        █ █ █ █ █ █                                        │"
"│                          ││    kanagawa-wave  █ █ █ █ █ █                                        │"
"│                          ││    moonfly        █ █ █ █ █ █                                        │"
"│                          ││    night-owl      █ █ █ █ █ █                                        │"
"│                          ││    nord           █ █ █ █ █ █                                        │"
"│                          ││    one-dark       █ █ █ █ █ █                                        │"
"│                          ││    dracula        █ █ █ █ █ █                                        │"
"│                          ││    rose-pine      █ █ █ █ █ █                                        │"
"│                          ││    sonokai        █ █ █ █ █ █                                        │"
"│                          ││    solarized-dark █ █ █ █ █ █                                        │"
"│                          ││                                                                      │"
"│                          ││                                                                      │"
"│                          ││                                                                      │"
"│                          ││                                                                      │"
"│                          ││ Theme: tokyo-night  Style: powerline  Segs: 8/12  Warn: 50%  Crit: 80│"
"╰──────────────────────────╯╰──────────────────────────────────────────────────────────────────────╯"
"┌ Preview — typical ───────────────────────────────────────────────────────────────────────────────┐"
"│ ~/p/claude-code-statusline  ◈ Opus 4.8  high  󰍛 ━━━━╌╌ 67% 󰰩 42.3k  󰔟 ━━╌╌╌╌ 48% ↺ 2h46m     │"
"└──────────────────────────────────────────────────────────────────────────────────────────────────┘"
"                                                                                                    "
"  [↑↓] browse  [s] save  [p] sample  [?] help  [q] quit                                             "
"                                                                                                    "
