---
source: tests/render_golden.rs
expression: render_fixture(&json)
input_file: fixtures/no_effort.json
---
\e[38;5;33m ~/p/app\e[0m \e[38;5;238m\e[0m \e[38;5;245m󰍛\e[0m \e[38;5;114m━\e[38;5;238m╌╌╌╌╌\e[0m \e[38;5;114m31%\e[0m \e[38;5;245m⬡\e[0m \e[38;5;117m10.0k\e[0m \e[38;5;238m\e[0m \e[38;5;245m◈\e[0m \e[38;5;208mHaiku 4.5\e[0m
